
> frontend@0.0.0 build
> ng build

[33mÔØ»[39m Building...
[32mÔ£ö[39m Building...
Application bundle generation failed. [7.067 seconds] - 2026-03-09T08:31:23.560Z

npm : [1m[31m[31mX 
[41;31m[[41;97mERROR
[41;31m][0m 
[1mTS2341: Property 
'baseUrl' is private 
and only accessible 
within class 
'Anfitrion'.[0m 
[1m[35m[plugin 
angular-compiler][0m
En línea: 1 Carácter: 
1
+ npm run build > 
build_error.log 2>&1
+ ~~~~~~~~~~~~~~~~~~~~
~~~~~~~~~~~~~~~~
    + CategoryInfo    
          : NotSpeci  
  fied: ([1m[31m   
 [31mX...r-compile    
r][0m:String) []    
, RemoteException
    + FullyQualifiedE 
   rrorId : NativeCo  
  mmandError
 

    src/app/anfitrion/
anfitrion.html:471:47:
[37m      471 Ôöé ...
]="url.startsWith('/ap
i') ? 
[32mbaseUrl[37m + 
url : url" 
alt="Previa a...
          ÔòÁ         
                      
 [32m~~~~~~~[0m

  Error occurs in the 
template of component 
Anfitrion.

    src/app/anfitrion/
anfitrion.ts:111:15:
[37m      111 Ôöé   
templateUrl: [32m'./a
nfitrion.html'[37m,
          ÔòÁ         
       [32m~~~~~~~~~~
~~~~~~~~[0m

[39m[22m
